ABCD1
ABHD12
ABHD5
ACADVL
ACOT13
ACSL4
ACTB
ACTG1
ACTG1
ADCY1
#- ADGRV1
ADK
AGAP1
AGBL2
AGO2
AIFM1
AK2
AKAP9
ALMS1
AMMECR1
ANKH
ANKRD9
AP1B1
AP1B1
AP1S1
ARHGEF28
ARID4A
ARID5B
ARSB
ATK3
ATP11B
ATP13A4
ATP2B2
ATP2C2
ATP5A1
ATP6V1B1
ATP6V1B2
BAI1
BAIAP2L2
BCAP31
BCS1L
BDNF
BDP1
BHLHE40
BRD2
BSND
BTD
CABP2
CACNA1C
CACNA1D
CAMSAP3
CATSPER2
CCDC50
CCDC68
CD151
CD164
CDC14A
CDC14A
CDC42
CDH23
CDH23
CDK14
CDKN1C
CEACAM16
#- CEMIP
CEP152
CEP250
CEP78
CFTR
CHD7
CHMP4C
CHSY1
CIB2
CISD2
CLCNKA
CLCNKB
CLDN14
CLIC5
CLPP
CLRN1
CLRN2
CMIP
CNTNAP2
COCH
COL11A1
COL11A2
COL11A2
COL11A2
COL11A2
COL2A1
COL4A3
COL4A4
COL4A5
COL4A6
COL9A1
COL9A2
COL9A3
CRYL1
CRYM
CSNK1G3
CTBP2
CXCR2
CYP19A1
DCAF17
DCDC2
DIABLO
DIAPH1
DIAPH3
DLX5
DMXL2
DNMT1
DOCK4
DRD2
DSPP
DUOXA2
DYX1C1
EDN3
EDN3
EDNRB
EDNRB
EIF2B3
ELMOD3
EPS8
EPS8L2
ERCC2
ERCC3
ESPN
ESPN
ESRP1
ESRRB
ESRRG
EXOC6
EYA1
EYA4
FADS3
FAM107B
FAM189A2
FAM20A
FBXO33
FDXR
FGF3
FGFR1
FGFR2
FGFR3
FKBP14
FLNA
FOXC1
FOXF2
FOXI1
FOXI1
FOXP1
FOXP2
FOXRED1
FRMPD4
FTO
GAA
GAS212
GATA3
GCFC2
GDF6
GFRA2
GIPC3
GJA1
GJB1
GJB2
GJB2
GJB3
GJB3
GJB6
GJB6
GNPTAB
GNPTG
GPLD1
GPR152
GPRC5B
GPSM2
GRAP
GRB10
GREB1L
GRHL2
GRXCR1
GRXCR2
#- GSDME
GSK3A
GSTP1
GTPBP3
HAAO
HARS
HARS2
HERC1
HGF
HLA-DQA1
HOMER1
HOMER2
HOXA2
HOXB1
HP1BP3
HSD17B4
HTRA2
IARS2
IDS
IGF1
ILDR1
IRX2
JAG1
KARS
KCNE1
KCNJ10
KCNQ1
KCNQ4
KIAA0319
KIAA1199
KIT
KITLG
KLC2
KLF7
KLHDC7B
KLHL18
KPTN
LARS2
LDHB
LHFPL5
LHX3
LMX1A
LOXHD1
LOXL3
LRIG1
LRP2
LRTOMT
MANBA
MAPK10
MAPK6
MARVELD2
MASP1
MAST2
MCM2
MCPH1
MCTP1
MET
MFN2
MIR182
MIR183
MIR96
MITF
MKRN2
MPZL2
MRPL19
MSRB3
MT-RNR1
MT-TK
MT-TL1
MT-TS1
MTAP
MTO1
MY015
MYH14
MYH9
MYO15A
MYO1A
MYO1C
MYO1F
MYO3A
MYO6
MYO7A
MYO7A
NACAD
NAGPA
NARS2
NCAPH2
NDP
NDUFA1
NDUFA11
NDUFAF1
NDUFAF2
NDUFAF3
NDUFAF4
NDUFAF5
NDUFB11
NDUFB3
NDUFB9
NDUFS1
NDUFS2
NDUFS3
NDUFS4
NDUFS6
NDUFV1
NDUFV2
NF2
NID2
NLRP3
NOG
NOTCH2
NRSN1
NUBPL
OCM
OLFM4
OPA1
ORC1
OSBPL2
OTOA
OTOF
OTOG
OTOGL
P2RX2
PAFAH1B1
PANX1
PAX2
PAX3
PAX9
PCDH15
PCDH15
PDE1C
PDZD7
PEX1
PEX11B
PEX12
PEX13
PEX2
PEX3
PEX6
PEX7
PHF20
PHLDB1
PIGA
PITX2
# - PJVK
PMP22
PNPT1
POGZ
POLG
POLR1C
POLR1D
POU3F4
POU4F3
PPP5C
PRKAB1
PRMT7
PRPS1
PRPS1
PRRT2
PTPRQ
PYCR2
RDX
REG3G
#- RIPOR2
RMND1
RNF10
ROBO1
ROR1
RPS6KA3
S100B
S1PR2
SALL1
SALL4
SELK
SEMA3E
SERAC1
SERPINB6
SESN3
SETBP1
SETD5
SF3B4
SGPL1
SIX1
SIX5
SLC12A1
SLC17A8
SLC19A2
SLC19A3
SLC22A4
SLC26A4
SLC26A5
SLC29A3
SLC33A1
SLC44A4
SLC4A11
SLC52A2
SLC52A3
SLC9A1
#- SLF1
SLITRK6
SMAD4
SMPX
SNAI2
SNAP91
SOX10
SOX11
SOX2
SOX4
SPATA5
SPATC1L
SPINK5
SPNS2
SPTBN1
SPTBN4
SRPX2
SRRM4
SRSF7
STRC
STXBP2
STXBP3
SUCLA2
SUCLG1
SUPV3L1
SUV420H1
SYNE4
SYNJ2
TACO1
TBC1D24
TBL1X
TBL1XR1
TBX1
TCF21
TCOF1
TDP2
TECTA
TECTA
TECTB
TFAP2A
TFB1M
THOC1
TIMM8A
TIMMDC1
TJP2
TMC1
TMC1
TMC2
TMEM126B
TMEM132E
TMEM189
TMEM213
TMIE
TMOD1
TMPRSS3
TMPRSS5
TMTC2
TNC
TPRN
TRAM2
TRIOBP
TRMU
TSPEAR
TUB
TUBB4B
#- TWNK
TYR
USH1C
USH1G
USH2A
USP42
VCAN
WBP2
WFS1
#- WHRN
XIRP2
YWHAE
ZBTB20
ZBTB24
ZCCHC14
ZFP719
ZNF318

## ++
ANKRD32
C10orf2
DFNA5
DFNB31
DFNB59
FAM65B
GPR98
IL6
PTPRR
