#ASD/ID
B3GNT1
C11orf83
CASC5
CCDC41
GPR56
NARG2
PRMT10

PRNP
SGPP2
SLC25A23
TACR1
ZFP36L1

A2ML1
AAAS
AARS
AARS2
AASS
ABAT
ABCA13
ABCA2
ABCA5
ABCA7
ABCB5
ABCB7
ABCC12
ABCC8
ABCC9
ABCD1
ABCD3
ABCD4
ABHD5
ABL1
ACACB
ACAD9
ACADM
ACADS
ACADSB
ACAT1
ACAT2
ACBD6
ACD
ACE
ACMSD
ACO2
ACOT7
ACOX1
ACOX2
ACP5
ACSF3
ACSL4
ACTA1
ACTB
ACTG1
ACTL6A
ACTL6B
ACVR1
ACVRL1
ACY1
ADAM17
ADAM22
ADAMTS1
ADAMTS10
ADAR
ADAT3
ADCK3
ADCK4
ADCY5
ADD3
ADIPOR1
ADK
ADNP
ADRA2B
ADSL
AFF2
AFF3
AFF4
AFG3L2
AGA
AGGF1
AGK
AGL
AGMO
AGO1
AGPAT2
AGTR2
AGXT2
AHCY
AHDC1
AHI1
AHRR
AHSG
AIFM1
AIMP1
AIMP2
AKAP13
AKR1C2
AKT1
AKT2
AKT3
ALAD
ALDH18A1
ALDH1A3
ALDH1B1
ALDH3A2
ALDH4A1
ALDH5A1
ALDH6A1
ALDH7A1
ALDOA
ALDOB
ALG1
ALG11
ALG12
ALG13
ALG2
ALG3
ALG6
ALG8
ALG9
ALMS1
ALPI
ALPL
ALX1
ALX3
ALX4
AMACR
AMER1
AMMECR1
AMPD1
AMPD2
AMT
ANK2
ANK3
ANKH
ANKLE2
ANKRD11
ANKS1A
ANKS1B
ANKS3
ANO10
ANO3
ANTXR1
ANXA1
AP1S1
AP1S2
AP2S1
AP3B1
AP3B2
AP3D1
AP4B1
AP4E1
AP4M1
AP4S1
AP5Z1
APAF1
APBA2
APC2
APOA1BP
APOL2
APOL4
APOPT1
APTX
AQP2
ARCN1
ARFGEF2
ARG1
ARHGAP24
ARHGAP31
ARHGAP4
ARHGDIA
ARHGEF15
ARHGEF2
ARHGEF4
ARHGEF6
ARHGEF9
ARID1A
ARID1B
ARID2
ARID4A
ARL13B
ARL14EP
ARL6
ARL6IP6
ARMC5
ARMC9
ARNT2
ARSA
ARSE
ARSF
ARSH
ARV1
ARVCF
ARX
ASAH1
ASB1
ASCC3
ASCL1
ASH1L
ASL
ASMT
ASNS
ASPA
ASPM
ASS1
ASTN1
ASTN2
ASXL1
ASXL2
ASXL3
ATAD1
ATAD3A
ATCAY
ATG5
ATIC
ATL1
ATN1
ATP10A
ATP13A2
ATP13A4
ATP1A2
ATP1A3
ATP1B4
ATP2A1
ATP2A2
ATP2B2
ATP2B3
ATP2B4
ATP2C2
ATP5A1
ATP5E
ATP6AP1
ATP6AP2
ATP6V0A2
ATP6V0C
ATP6V1A
ATP6V1B2
ATP7A
ATP7B
ATP8A2
ATP8B1
ATPAF2
ATR
ATRIP
ATRX
ATXN10
AUH
AUTS2
AVP
AVPR2
B3GALNT2
B3GALT6
B3GALTL
B3GAT3
B4GALNT1
B4GALT1
B4GALT7
B9D1
BAZ1A
BAZ1B
BBIP1
BBOX1
BBS1
BBS10
BBS12
BBS2
BBS4
BBS5
BBS7
BBS9
BCAP31
BCKDHA
BCKDHB
BCKDK
BCL11A
BCL11B
BCOR
BCORL1
BCR
BCS1L
BDNF
BEND2
BICD2
BIN1
BIRC6
BLM
BLNK
BMP2
BMP3
BMP4
BMPER
BOD1
BOLA3
BPTF
BRAF
BRAT1
BRCC3
BRD4
BRF1
BRPF1
BRSK2
BRWD1
BRWD3
BSCL2
BSN
BSND
BTAF1
BTD
BTRC
BUB1
BUB1B
BUB3
C10orf11
C10orf2
C11orf73
C12orf4
C12orf57
C12orf65
C19orf12
C19orf70
C2CD3
C2orf71
C5orf42
C8orf37
CA2
CA4
CA5A
CA8
CABIN1
CACHD1
CACNA1A
CACNA1C
CACNA1D
CACNA1E
CACNA1G
CACNA1H
CACNA2D1
CACNA2D2
CACNA2D3
CACNB4
CACNG2
CAD
CADM1
CADPS2
CALM1
CALM2
CALM3
CAMK2A
CAMK2B
CAMK2G
CAMK4
CAMKMT
CAMTA1
CANT1
CAPN10
CAPN12
CARD9
CARS2
CASK
CASP2
CAT
CAV1
CBL
CBS
CC2D1A
CC2D2A
CCAR2
CCBE1
CCDC115
CCDC174
CCDC22
CCDC82
CCDC88A
CCDC88C
CCM2
CCND2
CCR1
CD59
CD96
CDAN1
CDC42
CDC42BPB
CDC45
CDC6
CDCA7
CDH10
CDH11
CDH15
CDH8
CDK10
CDK13
CDK5
CDK5R1
CDK5RAP2
CDK6
CDKL5
CDKN1B
CDKN1C
CDON
CECR1
CELF4
CELSR2
CELSR3
CENPE
CENPJ
CEP104
CEP120
CEP135
CEP152
CEP164
CEP19
CEP290
CEP41
CEP57
CEP63
CEP89
CEP97
CERKL
CERS1
CERS3
CFHR1
CFHR2
CFL2
CHAF1B
CHAMP1
CHAT
CHD1
CHD2
CHD3
CHD4
CHD6
CHD7
CHD8
CHI3L1
CHKB
CHL1
CHMP1A
CHRM3
CHRNA1
CHRNA2
CHRNA4
CHRNA7
CHRNB2
CHRNE
CHRNG
CHST14
CHST3
CHSY1
CIAO1
CIC
CIT
CKAP2L
CLASP2
CLCF1
CLCN2
CLCN4
CLCNKA
CLCNKB
CLDN16
CLEC7A
CLIC2
CLIP1
CLIP2
CLK2
CLMP
CLN3
CLN5
CLN6
CLN8
CLP1
CLPB
CLPP
CLPTM1L
CLTC
CLTCL1
CMIP
CNKSR1
CNKSR2
CNNM2
CNOT3
CNPY3
CNTN2
CNTN3
CNTN4
CNTN6
CNTNAP1
CNTNAP2
CNTNAP3
CNTNAP5
COA3
COA5
COA6
COA7
COASY
COG1
COG2
COG4
COG5
COG6
COG7
COG8
COL13A1
COL18A1
COL25A1
COL27A1
COL4A1
COL4A2
COL4A3BP
COL6A6
COLEC10
COLEC11
COMT
COPB2
COQ2
COQ4
COQ5
COQ6
COQ7
COQ9
CORO1A
COX10
COX14
COX15
COX20
COX4I2
COX6B1
COX7B
COX8A
CPA6
CPE
CPLX1
CPOX
CPQ
CPS1
CPT1A
CPT1B
CPT2
CPZ
CR2
CRADD
CRB2
CRBN
CREB3L1
CREBBP
CRH
CRHR1
CRIPT
CRKL
CRLF1
CSDE1
CSF1R
CSMD1
CSNK2A1
CSNK2B
CSPP1
CSTB
CTBP1
CTC1
CTCF
CTDP1
CTLA4
CTNNA3
CTNNB1
CTNND1
CTNND2
CTR9
CTSA
CTSD
CTSF
CTSH
CUL3
CUL4B
CUL5
CUL7
CUX2
CWC27
CWF19L1
CXCR4
CXorf56
CYB5R3
CYC1
CYFIP1
CYFIP2
CYP24A1
CYP26B1
CYP27A1
CYP27B1
CYP2C9
CYP2R1
CYP2U1
D2HGDH
DAG1
DAOA
DAPK1
DARS
DARS2
DBH
DBT
DBX2
DCAF17
DCC
DCHS1
DCPS
DCX
DDC
DDHD2
DDOST
DDR2
DDX10
DDX11
DDX24
DDX3X
DDX53
DDX59
DEAF1
DENND5A
DENR
DEPDC5
DGCR2
DGCR6
DGCR8
DGKD
DGUOK
DHCR24
DHCR7
DHDDS
DHFR
DHTKD1
DHX30
DIAPH1
DIP2B
DIS3L2
DISC1
DISP1
DKC1
DLAT
DLD
DLG1
DLG2
DLG3
DLG4
DLGAP2
DLL1
DLL3
DLL4
DLX3
DLX6
DMBX1
DMD
DMXL1
DMXL2
DNA2
DNAH1
DNAH10
DNAH11
DNAH14
DNAH7
DNAJC12
DNAJC13
DNAJC19
DNAJC3
DNAJC5
DNAJC6
DNASE1L3
DNM1
DNM1L
DNMT3A
DNMT3B
DOCK3
DOCK6
DOCK7
DOLK
DONSON
DPAGT1
DPH1
DPM1
DPM2
DPM3
DPP6
DPYD
DPYS
DRD2
DRD3
DRP2
DTNB
DUOX1
DUOX2
DUOXA2
DUSP6
DVL1
DVL3
DYM
DYNC1H1
DYNC2LI1
DYRK1A
EARS2
EBF3
EBP
ECE1
ECHS1
ECM1
EDA2R
EDC3
EDNRB
EED
EEF1A2
EEF1B2
EFCAB5
EFHC1
EFHC2
EFNB1
EFR3A
EFTUD2
EGF
EHHADH
EHMT1
EIF2AK3
EIF2B1
EIF2B2
EIF2B3
EIF2B4
EIF2B5
EIF2S3
EIF4A3
EIF4E
EIF4ENIF1
ELAC2
ELK1
ELMO2
ELOVL4
ELP2
ELP4
EMC1
EMG1
EML1
EMX2
ENAH
ENG
ENPP1
ENTPD1
EOGT
EP300
EPB41L1
EPC2
EPG5
EPHA3
EPHA4
EPHA5
EPHA7
EPHB2
EPM2A
EPRS
EPT1
ERBB2IP
ERBB4
ERC1
ERCC1
ERCC2
ERCC3
ERCC4
ERCC5
ERCC6
ERCC8
ERF
ERLIN2
ERMARD
ESCO2
ESRRG
ETFA
ETFB
ETFDH
ETHE1
EVC
EVC2
EXOC4
EXOC6B
EXOSC2
EXOSC3
EXOSC8
EXT2
EXTL3
EYA1
EZH1
EZH2
EZR
FA2H
FAAH2
FABP3
FABP7
FADD
FAM111A
FAM120A
FAM126A
FAM134B
FAM151A
FAM177A1
FAM183A
FAM20C
FAM3C
FAM58A
FAM65B
FANCB
FAR1
FARS2
FAS
FASN
FASTKD2
FAT1
FAT3
FAT4
FBLN1
FBP1
FBXL4
FBXO11
FBXO18
FBXO28
FBXO31
FDXR
FEZF2
FGD1
FGF12
FGF13
FGF14
FGF17
FGF23
FGF3
FGF8
FGFR1
FGFR2
FGFR3
FGFRL1
FH
FHL1
FIBP
FIG4
FKBP10
FKBPL
FKRP
FKTN
FLI1
FLII
FLNA
FLNB
FLRT3
FLVCR1
FLVCR2
FMN1
FMN2
FMR1
FOLR1
FOS
FOXE1
FOXG1
FOXH1
FOXI1
FOXN1
FOXP1
FOXP2
FOXRED1
FRAS1
FREM2
FRG1
FRMD4A
FRMPD4
FRRS1L
FRY
FTCD
FTL
FTO
FTSJ1
FUCA1
FXYD2
G6PC
G6PC3
GAA
GABBR2
GABRA1
GABRA3
GABRA5
GABRA6
GABRB1
GABRB2
GABRB3
GABRD
GABRE
GABRG2
GABRG3
GABRQ
GABRR1
GABRR3
GAD1
GAL
GALC
GALE
GALNT9
GALNTL5
GALT
GAMT
GAN
GAP43
GARS
GAS1
GATA1
GATA2
GATA3
GATA5
GATA6
GATAD2B
GATM
GBA
GBA2
GCDH
GCH1
GCLC
GCM2
GCSH
GDF2
GDF5
GDI1
GDNF
GEMIN4
GFAP
GFER
GFM1
GFM2
GFPT1
GIGYF2
GIT1
GJA1
GJB1
GJC2
GK
GLB1
GLDC
GLI2
GLI3
GLRA1
GLRA2
GLRB
GLRX5
GLUD1
GLUL
GLYCTK
GM2A
GMNN
GMPPA
GMPPB
GNA11
GNAI1
GNAO1
GNAQ
GNAS
GNB1
GNB1L
GNB5
GNE
GNPAT
GNPTAB
GNPTG
GNRH1
GNS
GOLGA2
GON4L
GORAB
GOSR2
GP1BB
GPAA1
GPC3
GPC4
GPC6
GPD2
GPHN
GPI
GPKOW
GPR101
GPR112
GPR161
GPR37
GPR64
GPR85
GPR88
GPRASP2
GPSM2
GPT2
GRB10
GRIA1
GRIA3
GRIA4
GRID2
GRIK2
GRIK3
GRIN1
GRIN2A
GRIN2B
GRIN2D
GRIP1
GRM1
GRM5
GRM7
GRM8
GRN
GRPR
GSPT2
GSS
GTF2E2
GTF2H5
GTF2IRD1
GTPBP2
GTPBP3
GUCY1A3
GUF1
GUSB
GYG2
GYS1
GYS2
H3F3A
H3F3B
HACE1
HADH
HAP1
HARS2
HAX1
HCCS
HCFC1
HCN1
HCN2
HCRT
HDAC1
HDAC4
HDAC6
HDAC8
HDLBP
HDX
HECW2
HELLS
HELZ
HEPACAM
HERC1
HERC2
HES7
HESX1
HEXA
HEXB
HFM1
HGSNAT
HHAT
HIBCH
HIC1
HIP1
HIRA
HIST1H1E
HIST1H4C
HIST3H3
HIVEP2
HK1
HLA-B
HLA-DPB1
HLA-DQB1
HLA-DRB1
HLCS
HMBS
HMGA2
HMGB1
HMGB3
HMGCL
HMGCS2
HMHA1
HNMT
HNRNPH2
HNRNPK
HNRNPL
HNRNPU
HOXA1
HOXA2
HPCA
HPD
HPRT1
HRAS
HSD17B10
HSD17B4
HSPA9
HSPD1
HSPG2
HTR1A
HTR2A
HTR3A
HTRA1
HTRA2
HUWE1
HYLS1
IARS
IARS2
IBA57
ICK
IDH2
IDS
IDUA
IER3IP1
IFIH1
IFNAR2
IFT140
IFT172
IFT27
IFT43
IGBP1
IGF1
IGF1R
IGF2
IGSF1
IL10
IL11RA
IL12A
IL12B
IL12RB2
IL17F
IL17RA
IL1RAPL1
IL23R
IL27RA
IMMP2L
IMPA1
IMPAD1
IMPDH2
INO80
INPP4A
INPP5E
INPP5K
INPPL1
INS
INSR
INTS1
INTS8
INVS
IQCB1
IQGAP3
IQSEC1
IQSEC2
IRF2BPL
IRF9
IRX5
ISCA2
ISCU
ISPD
ITCH
ITGA3
ITGA4
ITGA7
ITGA9
ITGB6
ITK
ITPA
ITPR1
ITSN1
ITSN2
IVD
IYD
JAG1
JAM3
JARID2
JMJD1C
JPH3
JRK
KANK1
KANSL1
KARS
KAT6A
KAT6B
KATNAL2
KATNB1
KCNA1
KCNA2
KCNA4
KCNAB1
KCNAB2
KCNB1
KCNC1
KCNC3
KCND2
KCND3
KCNG1
KCNH1
KCNH7
KCNJ1
KCNJ10
KCNJ11
KCNJ13
KCNJ2
KCNJ6
KCNJ8
KCNK9
KCNMA1
KCNN3
KCNQ2
KCNQ3
KCNQ4
KCNQ5
KCNT1
KCNT2
KCNV2
KCTD13
KCTD3
KCTD7
KDELC2
KDM1A
KDM2B
KDM3A
KDM5A
KDM5B
KDM5C
KDM6A
KDM6B
KIAA0196
KIAA0226
KIAA0556
KIAA0586
KIAA0753
KIAA1033
KIAA1109
KIAA1210
KIAA1279
KIAA1715
KIAA2022
KIDINS220
KIF11
KIF14
KIF17
KIF1A
KIF23
KIF2A
KIF4A
KIF5A
KIF5C
KIF7
KIRREL3
KISS1
KLB
KLC2
KLF13
KLF8
KLHL15
KLHL24
KLHL41
KLHL7
KLLN
KLRC4
KMT2A
KMT2B
KMT2C
KMT2D
KMT2E
KPNA7
KPTN
KRAS
KRIT1
KRT25
KRT83
KSR2
KYNU
L1CAM
L2HGDH
LAGE3
LAMA1
LAMA2
LAMB1
LAMB2
LAMC1
LAMC3
LAMP2
LARGE
LARP7
LARS
LARS2
LAS1L
LBR
LDHB
LEMD3
LEP
LETM1
LFNG
LGI1
LGI4
LGR4
LHX1
LHX3
LIAS
LIFR
LIG4
LIMK1
LIN7A
LIN7B
LINGO1
LINGO2
LINS
LIPT1
LLGL1
LMAN2L
LMBR1
LMBRD1
LMNB1
LMNB2
LONP1
LRFN2
LRP1
LRP2
LRP6
LRPPRC
LRRC4
LRRC7
LRRTM4
LTBP1
LTBP4
LTC4S
LYRM4
LYRM7
LYST
LZTFL1
MAB21L2
MACF1
MAD2L2
MADD
MAF
MAFB
MAG
MAGED2
MAGEL2
MAGI1
MAGI2
MAGT1
MAN1B1
MAN2B1
MANBA
MAOA
MAP2
MAP2K1
MAP2K2
MAP2K3
MAP3K15
MAP3K7
MAP4
MAPK1
MAPK10
MAPK3
MAPRE2
MAPT
MARS2
MASP1
MAT1A
MATN4
MBD1
MBD4
MBD5
MBD6
MBOAT7
MBTPS2
MC2R
MCCC1
MCCC2
MCEE
MCF2
MCM3AP
MCM4
MCOLN1
MCPH1
MCTP2
MDH2
MDN1
ME2
MECOM
MECP2
MED12
MED13
MED13L
MED17
MED23
MED25
MED27
MEF2C
MEFV
MEGF10
MEGF8
MEIS2
MESP2
METTL23
METTL5
MFF
MFHAS1
MFRP
MFSD2A
MFSD8
MGAT2
MGAT4C
MGME1
MGP
MICAL1
MICU1
MID1
MID2
MIPEP
MKKS
MKS1
MKX
MLC1
MLLT3
MLX
MLXIPL
MLYCD
MMAA
MMAB
MMACHC
MMADHC
MMP13
MMP8
MN1
MNX1
MOCS1
MOCS2
MOGS
MORC2
MPC1
MPDU1
MPDZ
MPLKIP
MPP7
MPV17
MRAP
MRI1
MRPL10
MRPL3
MRPL44
MRPS16
MRPS2
MRPS22
MSL3
MSMO1
MSX2
MTFMT
MTHFS
MTM1
MTMR8
MTO1
MTOR
MTPAP
MTR
MTRR
MTSS1L
MUC1
MUT
MVK
MXRA5
MXRA8
MYBPC1
MYCBP2
MYCN
MYEF2
MYH1
MYH10
MYH3
MYH8
MYO18B
MYO1C
MYO5A
MYO7B
MYO9A
MYOCD
MYOF
MYT1
MYT1L
NAA10
NAA15
NACC1
NADK2
NAGA
NAGLU
NAGPA
NAGS
NALCN
NANS
NARS2
NAT8L
NAV1
NAV2
NBAS
NBEA
NBN
NCAPD2
NCAPG2
NCKAP1
NCS1
NDE1
NDN
NDP
NDST1
NDUFA1
NDUFA10
NDUFA11
NDUFA12
NDUFA13
NDUFA2
NDUFA4
NDUFA9
NDUFAF1
NDUFAF2
NDUFAF3
NDUFAF4
NDUFAF5
NDUFAF6
NDUFB11
NDUFB3
NDUFB9
NDUFS1
NDUFS2
NDUFS3
NDUFS4
NDUFS6
NDUFS7
NDUFS8
NDUFV1
NDUFV2
NECAP1
NEDD4L
NEK9
NELFA
NEU1
NEUROD2
NF1
NFASC
NFAT5
NFE2L2
NFIA
NFIB
NFIX
NFU1
NGF
NGLY1
NHEJ1
NHLRC1
NHP2
NHS
NID1
NIN
NIPA1
NIPA2
NIPBL
NKAIN2
NKX2-1
NKX2-5
NKX6-2
NLGN1
NLGN2
NLGN3
NLGN4X
NLGN4Y
NLRP2
NLRP3
NME7
NME8
NMNAT1
NNT
NODAL
NOG
NOL3
NONO
NOP10
NOS1AP
NOTCH3
NPAP1
NPAS3
NPAS4
NPC1
NPC2
NPEPPS
NPHP1
NPHP3
NPHP4
NPHS1
NPRL2
NPRL3
NR0B1
NR2F1
NR4A2
NR5A1
NRAS
NRD1
NRG1
NRGN
NRTN
NRXN1
NRXN2
NRXN3
NSD1
NSDHL
NSUN2
NSUN7
NT5C2
NTNG1
NTRK1
NTRK2
NTRK3
NUBPL
NUP107
NUP62
NUS1
NXF3
NXF5
NXPH3
OBSCN
OCLN
OCRL
OFD1
OGDH
OGT
OMG
OPA1
OPA3
OPCML
OPHN1
OPRL1
ORC1
ORC4
ORC6
OSGEP
OTC
OTOGL
OTUD4
OTUD6B
OTUD7A
OTX1
OTX2
OXTR
P2RY11
P4HA2
P4HB
PABPC4L
PACS1
PACS2
PAFAH1B1
PAFAH1B3
PAH
PAK3
PAM16
PANK2
PANX1
PARK2
PARN
PARP1
PARP10
PARS2
PAX1
PAX2
PAX3
PAX5
PAX6
PAX8
PAXBP1
PBX1
PC
PCBD1
PCCA
PCCB
PCDH11X
PCDH12
PCDH19
PCDH7
PCDHB16
PCDHB4
PCK1
PCLO
PCM1
PCNA
PCNT
PDCD10
PDE10A
PDE4B
PDE4D
PDE6D
PDGFB
PDGFRB
PDHA1
PDHB
PDHX
PDK3
PDP1
PDSS1
PDSS2
PDYN
PDZD2
PECR
PEPD
PER1
PER2
PET100
PEX1
PEX10
PEX11B
PEX12
PEX13
PEX14
PEX16
PEX19
PEX2
PEX26
PEX3
PEX5
PEX6
PEX7
PFKFB1
PGAP1
PGAP2
PGAP3
PGK1
PGM1
PGM3
PGRMC1
PHC1
PHF2
PHF21A
PHF3
PHF6
PHF8
PHGDH
PHIP
PHKA2
PHKG2
PHOX2B
PI4KA
PIBF1
PIEZO2
PIGA
PIGC
PIGG
PIGL
PIGM
PIGN
PIGO
PIGP
PIGQ
PIGS
PIGT
PIGV
PIGW
PIGY
PIK3AP1
PIK3CA
PIK3R2
PIK3R5
PITRM1
PLA2G6
PLAA
PLAGL1
PLAT
PLCB1
PLCB4
PLCG2
PLEKHG2
PLG
PLK4
PLOD3
PLP1
PLS3
PLXNA3
PLXNB3
PLXND1
PMM2
PMPCA
PNKD
PNKP
PNP
PNPLA6
PNPLA8
PNPO
PNPT1
POC1A
POC1B
PODXL
POFUT1
POGZ
POLA1
POLG
POLG2
POLR1C
POLR1D
POLR2A
POLR3A
POLR3B
POMGNT1
POMGNT2
POMK
POMT1
POMT2
POP1
POR
PORCN
POU1F1
POU3F2
PPARG
PPARGC1A
PPIB
PPM1B
PPM1D
PPM1K
PPOX
PPP1CB
PPP1R15B
PPP1R3C
PPP2R1A
PPP2R2B
PPP2R2C
PPP2R5D
PPP3CA
PPT1
PQBP1
PRCP
PRDM12
PRDM8
PRDX1
PREPL
PRF1
PRICKLE1
PRICKLE2
PRICKLE3
PRIMA1
PRKAR1A
PRKAR1B
PRKCA
PRKD1
PRKDC
PRKG1
PRKRA
PRMT7
PRODH
PRODH2
PROP1
PROSC
PRPF8
PRPS1
PRR12
PRRT2
PRSS12
PRTN3
PRUNE
PSAP
PSAT1
PSMD12
PSPH
PTCH1
PTCHD1
PTDSS1
PTEN
PTF1A
PTH
PTPN11
PTPN22
PTPN23
PTPRD
PTPRK
PTRH2
PTS
PUF60
PUM1
PURA
PUS1
PUS3
PVRL1
PXDN
PYCR1
PYCR2
QARS
QDPR
QRICH1
RAB11A
RAB11B
RAB11FIP5
RAB18
RAB23
RAB27A
RAB33B
RAB39B
RAB3GAP1
RAB3GAP2
RAC1
RAD21
RAD50
RAF1
RAI1
RALGAPA1
RALGDS
RANBP2
RAP1A
RAP1B
RARB
RARS
RARS2
RASA2
RBBP8
RBFOX1
RBFOX3
RBM10
RBM28
RBM8A
RBP4
RBPJ
RDH11
RECQL4
REEP1
RELN
REPS2
RERE
REV3L
RFC2
RFT1
RFWD2
RGMA
RGR
RGS7
RHEB
RHOBTB2
RILP
RIMS1
RIMS3
RIN2
RIPK1
RIPPLY1
RIPPLY2
RIT1
RLBP1
RLIM
RMND1
RNASEH2A
RNASEH2B
RNASEH2C
RNASET2
RNF113A
RNF125
RNF128
RNF135
RNF168
RNF216
ROBO1
ROBO2
ROBO3
ROGDI
ROR2
RORA
RORB
ROS1
RPGRIP1L
RPIA
RPL10
RPL11
RPL15
RPL26
RPL35A
RPS19
RPS23
RPS28
RPS6KA3
RPS6KC1
RPS7
RREB1
RRM2B
RSPRY1
RSRC1
RTEL1
RTN4IP1
RTN4R
RTTN
RUNX1T1
RUSC2
RYR2
RYR3
SACS
SALL1
SAMD11
SAMD9
SAMHD1
SAR1B
SARS
SARS2
SASS6
SATB2
SATL1
SBDS
SBF1
SC5D
SCAPER
SCARB2
SCN10A
SCN11A
SCN1A
SCN1B
SCN2A
SCN3A
SCN3B
SCN7A
SCN8A
SCN9A
SCNM1
SCO1
SCO2
SCP2
SCRIB
SCUBE2
SCYL1
SDCCAG8
SDHA
SDHAF1
SEC24C
SEC24D
SEMA3C
SEMA3D
SEMA3E
SEMA4G
SEMA5A
SEMA6D
SEPSECS
SERAC1
SERPINA7
SERPINB4
SERPINI1
SESN2
SET
SETBP1
SETD1A
SETD1B
SETD2
SETD5
SETDB2
SF3B4
SFXN4
SGCE
SGSH
SH2B1
SH3PXD2B
SHANK1
SHANK2
SHANK3
SHH
SHOC2
SHOX2
SHROOM4
SIK1
SIL1
SIM1
SIN3A
SIPA1L1
SIX3
SKI
SLC12A1
SLC12A2
SLC12A3
SLC12A5
SLC12A6
SLC13A5
SLC16A1
SLC16A2
SLC16A3
SLC17A3
SLC17A5
SLC17A9
SLC18A2
SLC19A2
SLC19A3
SLC1A1
SLC1A2
SLC1A3
SLC1A4
SLC20A2
SLC22A25
SLC25A1
SLC25A10
SLC25A12
SLC25A15
SLC25A19
SLC25A20
SLC25A22
SLC25A24
SLC25A26
SLC25A3
SLC25A4
SLC25A43
SLC25A46
SLC25A5
SLC26A1
SLC29A4
SLC2A1
SLC2A10
SLC2A2
SLC2A3
SLC30A9
SLC31A1
SLC33A1
SLC35A1
SLC35A2
SLC35A3
SLC35C1
SLC37A4
SLC39A14
SLC39A8
SLC45A1
SLC46A1
SLC4A10
SLC4A4
SLC5A5
SLC5A6
SLC5A7
SLC6A1
SLC6A13
SLC6A17
SLC6A19
SLC6A3
SLC6A5
SLC6A8
SLC6A9
SLC7A3
SLC7A5
SLC7A7
SLC9A1
SLC9A6
SLC9A9
SLCO1B3
SLCO1C1
SLIT2
SLIT3
SLITRK1
SLITRK5
SMAD2
SMAD4
SMAD6
SMARCA2
SMARCA4
SMARCAL1
SMARCB1
SMARCC2
SMARCE1
SMC1A
SMC3
SMCHD1
SMG9
SMO
SMOC1
SMPD1
SMS
SNAP25
SNAP29
SNIP1
SNRPB
SNRPN
SNTG2
SNX10
SNX14
SNX27
SOBP
SOGA3
SON
SORCS1
SOS1
SOS2
SOST
SOX10
SOX11
SOX17
SOX2
SOX3
SOX5
SOX6
SOX9
SP7
SPARC
SPAST
SPATA5
SPECC1L
SPG11
SPG20
SPG21
SPG7
SPINK5
SPN
SPOCK1
SPP2
SPR
SPRED1
SPRY4
SPTAN1
SPTBN2
SPTBN4
SPTBN5
SQSTM1
SRCAP
SRD5A3
SRP54
SRPK2
SRPK3
SRPX2
SSR4
SSTR5
SSX1
ST3GAL3
ST3GAL5
ST5
ST7
ST8SIA2
STAC3
STAG1
STAG2
STAMBP
STAR
STARD9
STAT1
STAT2
STAT4
STIL
STIM1
STOX1
STRA6
STRADA
STT3A
STT3B
STUB1
STX11
STX16
STX1A
STX1B
STX3
STXBP1
STXBP2
STXBP5L
STYXL1
SUCLA2
SUCLG1
SUCO
SUFU
SUMF1
SUOX
SUPT16H
SURF1
SUV420H1
SUZ12
SV2A
SV2B
SVIL
SYN1
SYN2
SYNCRIP
SYNE1
SYNGAP1
SYNJ1
SYNPO
SYP
SYT1
SYT14
SYT2
SZT2
TAB2
TAC3
TACO1
TACR3
TAF1
TAF13
TAF2
TAF6
TALDO1
TANC2
TANGO2
TAOK2
TARS2
TAT
TAZ
TBC1D20
TBC1D23
TBC1D24
TBC1D30
TBC1D7
TBCD
TBCE
TBCK
TBL1XR1
TBL2
TBR1
TBX1
TBX18
TBX19
TBX2
TBX4
TBX6
TCF12
TCF20
TCF3
TCF4
TCF7L1
TCF7L2
TCIRG1
TCN2
TCTN1
TCTN2
TCTN3
TDGF1
TDP2
TECPR2
TECR
TELO2
TENM1
TENM4
TERT
TEX15
TFAP2A
TFAP2B
TG
TGDS
TGIF1
TGM2
TH
THAP11
THBS1
THG1L
THOC2
THOC6
THRA
THRB
TIMM50
TIMM8A
TIMMDC1
TINF2
TK2
TKT
TLK2
TM4SF20
TMCO1
TMEM106B
TMEM107
TMEM114
TMEM126A
TMEM126B
TMEM135
TMEM138
TMEM165
TMEM199
TMEM216
TMEM231
TMEM237
TMEM240
TMEM38B
TMEM5
TMEM67
TMEM70
TMEM8C
TMEM92
TMLHE
TMPRSS6
TMTC3
TNC
TNFRSF11A
TNFRSF11B
TNFRSF1A
TNFSF4
TNIK
TNNT1
TNPO3
TNR
TNS3
TOE1
TONSL
TOP2B
TOP3B
TOR1A
TOR1AIP1
TP53RK
TP63
TPI1
TPK1
TPM2
TPM3
TPO
TPP1
TPP2
TPRKB
TRAF3IP1
TRAF3IP2
TRAF7
TRAIP
TRAK1
TRAPPC11
TRAPPC6A
TRAPPC6B
TRAPPC9
TREM2
TREX1
TRH
TRHR
TRIM17
TRIM32
TRIM8
TRIO
TRIP12
TRIP13
TRIP4
TRIT1
TRMT1
TRMT10A
TRMT5
TRNT1
TRPC5
TRPC6
TRPM3
TRPM6
TRPM7
TRPS1
TRRAP
TSC1
TSC2
TSEN15
TSEN2
TSEN34
TSEN54
TSFM
TSHB
TSHR
TSHZ3
TSPAN7
TTC19
TTC21B
TTC8
TTI2
TUBA1A
TUBA3E
TUBA8
TUBB
TUBB2A
TUBB2B
TUBB3
TUBB4A
TUBG1
TUBGCP4
TUBGCP5
TUBGCP6
TUFM
TUSC3
TWIST1
TWIST2
TXN2
TYK2
TYMP
TYROBP
UBA5
UBA7
UBAC2
UBB
UBE2A
UBE2T
UBE3A
UBE3B
UBR1
UBR3
UBR7
UBTF
UCP2
UFD1L
UGDH
ULK4
UMPS
UNC13A
UNC13B
UNC13C
UNC13D
UNC80
UPB1
UPF3B
UQCC2
UQCRB
UQCRC2
UQCRQ
UROC1
USB1
USP18
USP27X
USP30
USP34
USP44
USP45
USP7
USP9X
VAC14
VAMP2
VANGL1
VARS
VARS2
VAX1
VCP
VCX3A
VDR
VIPAS39
VIPR2
VLDLR
VMA21
VPS11
VPS13A
VPS13B
VPS13C
VPS33A
VPS33B
VPS37A
VPS45
VPS4A
VPS53
VRK1
VSIG1
VSX2
VWA3B
WAC
WARS2
WDFY3
WDPCP
WDR1
WDR13
WDR19
WDR26
WDR35
WDR4
WDR45
WDR45B
WDR60
WDR62
WDR73
WDR81
WDR93
WFS1
WHSC1
WNK1
WNT1
WNT5A
WNT7A
WRAP53
WWOX
XIRP1
XK
XPA
XPC
XPNPEP3
XPO5
XPR1
XRCC1
XRCC4
XYLT1
XYLT2
YAP1
YARS
YARS2
YWHAE
YWHAG
YY1
YY1AP1
ZBTB16
ZBTB18
ZBTB20
ZBTB24
ZBTB33
ZBTB40
ZC3H14
ZC4H2
ZCCHC12
ZCCHC8
ZDHHC15
ZDHHC9
ZEB2
ZFHX4
ZFP57
ZFPM2
ZFR
ZFYVE26
ZIC1
ZIC2
ZMIZ1
ZMYM2
ZMYM3
ZMYND11
ZMYND12
ZNF107
ZNF148
ZNF277
ZNF292
ZNF335
ZNF365
ZNF385B
ZNF407
ZNF41
ZNF423
ZNF462
ZNF526
ZNF589
ZNF592
ZNF638
ZNF668
ZNF674
ZNF711
ZNF778
ZNF804A
ZNF81
ZNHIT3
ZSCAN29
ZSWIM6
