# Notch Signaling Pathway
RBPJ
FBXW7
MAML1
USP7
SNW1
MDM2
EP300
DTX1
ZMIZ1SNAI1
JAG1
NFKB1
RUNX3
MAGEA1
KAT5
KRAS
MAPK1
KPNB1
EGFL7
PPP2CA
BCL11B
SMAD3
KDM1A
HDAC1
TOP2B
PHF8
EIF3F
MAP3K1
LAMP1
CAMK4
PRKCD
ANKRD44
VWP1
SMARCA4
HSP90AB1
PMRM1
CTNNB1
GSK3B
PRKDCYY1
NUMB
NOV
PSEN1
MAML3
CBL
CASR
DTX4
AKT1
APBB1
NOTCH3
APPKIF3A
VPS11
PPP2CB
KIF2A
RFC1
MCM5
XIAP
SU
ITCH
NEDD4L
ARRB1
VPS39
CCT3
CCT8
CNOT1
PRPF19
RBM10
DHX15
PRPF8
PRPF6
RIF1
SART1
PTBP1
XPO5
CCT6A
LRBA
MDN1
TNPO1
IPO5
TRAPPC9
MMS19
TRAPPC10
RFC4
DHX8
DLK2
LATS2
MAGED1
COL4A6
EXT1
FAM185A
KIAA1191
LNX2
RHOA
GOLGA2
HMGN5
GOPC
CEP57L1
POU2AF1
TLE3
DAZAP2
KCTD10
CUL3
ADAM10
TRIM3
RAB4A
C9ORF62
LINC00260
TGFBR1
STUB1
USP12
TMEM17
RND3
RAB5A
RAB7A
HGS
MAP1LC3A
SQSTM1
CDH1
B3GALT4
CTDSPL
ATP6V1D
ABTB2
FANCA
FANCC
FANCF
FANCG
TRIM25
ARL6IP5
MCM3
DDX17
PARP1
TRIM32
ARHGEF2
USP11
USP15
PPP2R1A
PPP2R2A
PPP2R2A
PPP6R1
PPP6R3
ARIH1
ARIH2
ANAPC7
RANBP10
ANAPC1
CDC23
CDC27
ANAPC5
STK38
GPS1
CAND1
SLFN5
SLFN11
VAV1
RANBP9
IFI16
ITCH
PIK3CA
CNTN1
XRCC6
RELA
DLL1
JAG2
LEF1
NOTCH1
MAML2
CACNA1A
HCLS1
EPN1
ILK
GFI1B
NOTCH2
PRKAA1
LIMK2
ROCK1
TAB1
MOB1A
RLTPR
LRCH1
WDR11
MED23
FRYL
GCFC1
C14ORF166
ASCC3
SRRT
TBL1XR1
WWTR1
LCK
HTATSF1
MED25
NCKAP1L
IKZF1
IKZF2
IKZF3
TCF12
RUNX1
SMAD9
ZBTB2
ZBED4
RFX1
RNF2
RING1
GATAD2B
RBBP4
ARMC8
ERH
WDR6
C18ORF8
PTBP3
CCZ1B
SMARCC2
SMARCC1
HLTF
SMACA5
KIAA1429SMC1A
SMC3
PDS5A
MAU2
SMCHD1
TRIM28
WIZ
RB1
RNF40
CHD4
HEY2
PTEN
HEY1
NOTCH4
